<html>
<body>
<pre>
<h1>µVision Build Log</h1>
<h2>Project:</h2>
C:\Users\HP 245 G5\Desktop\keil\pwm\pwm.uvproj
Project File Date:  08/15/2020

<h2>Output:</h2>
compiling pwm.c...
pwm.c(3): warning:  #951-D: return type of function "main" must be "int"
pwm.c(19): warning:  #1-D: last line of file ends without a newline
pwm.c - 0 Error(s), 2 Warning(s).
compiling pwm.c...
pwm.c(17): warning:  #1-D: last line of file ends without a newline
pwm.c - 0 Error(s), 1 Warning(s).
compiling pwm.c...
pwm.c - 0 Error(s), 0 Warning(s).
Build target 'Target 1'
assembling Startup.s...
linking...
Program Size: Code=836 RO-data=16 RW-data=0 ZI-data=1256  
FromELF: creating hex file...
"pwm.axf" - 0 Error(s), 0 Warning(s).
Rebuild target 'Target 1'
assembling Startup.s...
compiling pwm.c...
linking...
Program Size: Code=836 RO-data=16 RW-data=0 ZI-data=1256  
FromELF: creating hex file...
"pwm.axf" - 0 Error(s), 0 Warning(s).
Rebuild target 'Target 1'
assembling Startup.s...
compiling pwm.c...
linking...
Program Size: Code=836 RO-data=16 RW-data=0 ZI-data=1256  
FromELF: creating hex file...
"pwm.axf" - 0 Error(s), 0 Warning(s).
Rebuild target 'Target 1'
assembling Startup.s...
compiling pwm.c...
linking...
Program Size: Code=832 RO-data=16 RW-data=0 ZI-data=1256  
FromELF: creating hex file...
"pwm.axf" - 0 Error(s), 0 Warning(s).
Rebuild target 'Target 1'
assembling Startup.s...
compiling pwm.c...
linking...
Program Size: Code=836 RO-data=16 RW-data=0 ZI-data=1256  
FromELF: creating hex file...
"pwm.axf" - 0 Error(s), 0 Warning(s).
compiling pwm.c...
pwm.c - 0 Error(s), 0 Warning(s).
Rebuild target 'Target 1'
assembling Startup.s...
compiling pwm.c...
linking...
Program Size: Code=832 RO-data=16 RW-data=0 ZI-data=1256  
FromELF: creating hex file...
"pwm.axf" - 0 Error(s), 0 Warning(s).
Rebuild target 'Target 1'
assembling Startup.s...
compiling pwm.c...
linking...
Program Size: Code=836 RO-data=16 RW-data=0 ZI-data=1256  
FromELF: creating hex file...
"pwm.axf" - 0 Error(s), 0 Warning(s).
Rebuild target 'Target 1'
assembling Startup.s...
compiling pwm.c...
linking...
Program Size: Code=836 RO-data=16 RW-data=0 ZI-data=1256  
FromELF: creating hex file...
"pwm.axf" - 0 Error(s), 0 Warning(s).
Rebuild target 'Target 1'
assembling Startup.s...
compiling pwm.c...
linking...
Program Size: Code=836 RO-data=16 RW-data=0 ZI-data=1256  
FromELF: creating hex file...
"pwm.axf" - 0 Error(s), 0 Warning(s).
Rebuild target 'Target 1'
assembling Startup.s...
compiling pwm.c...
linking...
Program Size: Code=836 RO-data=16 RW-data=0 ZI-data=1256  
FromELF: creating hex file...
"pwm.axf" - 0 Error(s), 0 Warning(s).
Rebuild target 'Target 1'
assembling Startup.s...
compiling pwm.c...
linking...
Program Size: Code=832 RO-data=16 RW-data=0 ZI-data=1256  
FromELF: creating hex file...
"pwm.axf" - 0 Error(s), 0 Warning(s).
Rebuild target 'Target 1'
assembling Startup.s...
compiling pwm.c...
linking...
Program Size: Code=836 RO-data=16 RW-data=0 ZI-data=1256  
FromELF: creating hex file...
"pwm.axf" - 0 Error(s), 0 Warning(s).
Rebuild target 'Target 1'
assembling Startup.s...
compiling pwm.c...
linking...
Program Size: Code=836 RO-data=16 RW-data=0 ZI-data=1256  
FromELF: creating hex file...
"pwm.axf" - 0 Error(s), 0 Warning(s).
Rebuild target 'Target 1'
assembling Startup.s...
compiling pwm.c...
pwm.c(14): warning:  #69-D: integer conversion resulted in truncation
linking...
Program Size: Code=836 RO-data=16 RW-data=0 ZI-data=1256  
FromELF: creating hex file...
"pwm.axf" - 0 Error(s), 1 Warning(s).
compiling pwm.c...
pwm.c(14): warning:  #69-D: integer conversion resulted in truncation
pwm.c - 0 Error(s), 1 Warning(s).
compiling pwm.c...
pwm.c(14): warning:  #69-D: integer conversion resulted in truncation
pwm.c - 0 Error(s), 1 Warning(s).
compiling pwm.c...
pwm.c(14): warning:  #69-D: integer conversion resulted in truncation
pwm.c - 0 Error(s), 1 Warning(s).
compiling pwm.c...
pwm.c - 0 Error(s), 0 Warning(s).
compiling pwm.c...
pwm.c - 0 Error(s), 0 Warning(s).
compiling pwm.c...
pwm.c - 0 Error(s), 0 Warning(s).
Rebuild target 'Target 1'
assembling Startup.s...
compiling pwm.c...
linking...
Program Size: Code=836 RO-data=16 RW-data=0 ZI-data=1256  
FromELF: creating hex file...
"pwm.axf" - 0 Error(s), 0 Warning(s).
Rebuild target 'Target 1'
assembling Startup.s...
compiling pwm.c...
linking...
Program Size: Code=836 RO-data=16 RW-data=0 ZI-data=1256  
FromELF: creating hex file...
"pwm.axf" - 0 Error(s), 0 Warning(s).
Rebuild target 'Target 1'
assembling Startup.s...
compiling pwm.c...
linking...
Program Size: Code=836 RO-data=16 RW-data=0 ZI-data=1256  
FromELF: creating hex file...
"pwm.axf" - 0 Error(s), 0 Warning(s).
Rebuild target 'Target 1'
assembling Startup.s...
compiling pwm.c...
linking...
Program Size: Code=836 RO-data=16 RW-data=0 ZI-data=1256  
FromELF: creating hex file...
"pwm.axf" - 0 Error(s), 0 Warning(s).
Rebuild target 'Target 1'
assembling Startup.s...
compiling pwm.c...
linking...
Program Size: Code=836 RO-data=16 RW-data=0 ZI-data=1256  
FromELF: creating hex file...
"pwm.axf" - 0 Error(s), 0 Warning(s).
Rebuild target 'Target 1'
assembling Startup.s...
compiling pwm.c...
linking...
Program Size: Code=836 RO-data=16 RW-data=0 ZI-data=1256  
FromELF: creating hex file...
"pwm.axf" - 0 Error(s), 0 Warning(s).
Rebuild target 'Target 1'
assembling Startup.s...
compiling pwm.c...
linking...
Program Size: Code=836 RO-data=16 RW-data=0 ZI-data=1256  
FromELF: creating hex file...
"pwm.axf" - 0 Error(s), 0 Warning(s).
Rebuild target 'Target 1'
assembling Startup.s...
compiling pwm.c...
linking...
Program Size: Code=836 RO-data=16 RW-data=0 ZI-data=1256  
FromELF: creating hex file...
"pwm.axf" - 0 Error(s), 0 Warning(s).
Rebuild target 'Target 1'
assembling Startup.s...
compiling pwm.c...
linking...
Program Size: Code=836 RO-data=16 RW-data=0 ZI-data=1256  
FromELF: creating hex file...
"pwm.axf" - 0 Error(s), 0 Warning(s).
Rebuild target 'Target 1'
assembling Startup.s...
compiling pwm.c...
linking...
Program Size: Code=836 RO-data=16 RW-data=0 ZI-data=1256  
FromELF: creating hex file...
"pwm.axf" - 0 Error(s), 0 Warning(s).
Rebuild target 'Target 1'
assembling Startup.s...
compiling pwm.c...
linking...
Program Size: Code=836 RO-data=16 RW-data=0 ZI-data=1256  
FromELF: creating hex file...
"pwm.axf" - 0 Error(s), 0 Warning(s).
Rebuild target 'Target 1'
assembling Startup.s...
compiling pwm.c...
linking...
Program Size: Code=836 RO-data=16 RW-data=0 ZI-data=1256  
FromELF: creating hex file...
"pwm.axf" - 0 Error(s), 0 Warning(s).
Rebuild target 'Target 1'
assembling Startup.s...
compiling pwm.c...
linking...
Program Size: Code=836 RO-data=16 RW-data=0 ZI-data=1256  
FromELF: creating hex file...
"pwm.axf" - 0 Error(s), 0 Warning(s).
Rebuild target 'Target 1'
assembling Startup.s...
compiling pwm.c...
linking...
Program Size: Code=836 RO-data=16 RW-data=0 ZI-data=1256  
FromELF: creating hex file...
"pwm.axf" - 0 Error(s), 0 Warning(s).
Rebuild target 'Target 1'
assembling Startup.s...
compiling pwm.c...
linking...
Program Size: Code=836 RO-data=16 RW-data=0 ZI-data=1256  
FromELF: creating hex file...
"pwm.axf" - 0 Error(s), 0 Warning(s).
Rebuild target 'Target 1'
assembling Startup.s...
compiling pwm.c...
linking...
Program Size: Code=836 RO-data=16 RW-data=0 ZI-data=1256  
FromELF: creating hex file...
"pwm.axf" - 0 Error(s), 0 Warning(s).
Rebuild target 'Target 1'
assembling Startup.s...
compiling pwm.c...
linking...
Program Size: Code=836 RO-data=16 RW-data=0 ZI-data=1256  
FromELF: creating hex file...
"pwm.axf" - 0 Error(s), 0 Warning(s).
Rebuild target 'Target 1'
assembling Startup.s...
compiling pwm.c...
linking...
Program Size: Code=836 RO-data=16 RW-data=0 ZI-data=1256  
FromELF: creating hex file...
"pwm.axf" - 0 Error(s), 0 Warning(s).
Rebuild target 'Target 1'
assembling Startup.s...
compiling pwm.c...
linking...
Program Size: Code=836 RO-data=16 RW-data=0 ZI-data=1256  
FromELF: creating hex file...
"pwm.axf" - 0 Error(s), 0 Warning(s).
Rebuild target 'Target 1'
assembling Startup.s...
compiling pwm.c...
linking...
Program Size: Code=836 RO-data=16 RW-data=0 ZI-data=1256  
FromELF: creating hex file...
"pwm.axf" - 0 Error(s), 0 Warning(s).
Rebuild target 'Target 1'
assembling Startup.s...
compiling pwm.c...
linking...
Program Size: Code=836 RO-data=16 RW-data=0 ZI-data=1256  
FromELF: creating hex file...
"pwm.axf" - 0 Error(s), 0 Warning(s).
Rebuild target 'Target 1'
assembling Startup.s...
compiling pwm.c...
linking...
Program Size: Code=836 RO-data=16 RW-data=0 ZI-data=1256  
FromELF: creating hex file...
"pwm.axf" - 0 Error(s), 0 Warning(s).
Rebuild target 'Target 1'
assembling Startup.s...
compiling pwm.c...
linking...
Program Size: Code=836 RO-data=16 RW-data=0 ZI-data=1256  
FromELF: creating hex file...
"pwm.axf" - 0 Error(s), 0 Warning(s).
Rebuild target 'Target 1'
assembling Startup.s...
compiling pwm.c...
linking...
Program Size: Code=836 RO-data=16 RW-data=0 ZI-data=1256  
FromELF: creating hex file...
"pwm.axf" - 0 Error(s), 0 Warning(s).
Rebuild target 'Target 1'
assembling Startup.s...
compiling pwm.c...
linking...
Program Size: Code=836 RO-data=16 RW-data=0 ZI-data=1256  
FromELF: creating hex file...
"pwm.axf" - 0 Error(s), 0 Warning(s).
Rebuild target 'Target 1'
assembling Startup.s...
compiling pwm.c...
linking...
Program Size: Code=836 RO-data=16 RW-data=0 ZI-data=1256  
FromELF: creating hex file...
"pwm.axf" - 0 Error(s), 0 Warning(s).
Rebuild target 'Target 1'
assembling Startup.s...
compiling pwm.c...
linking...
Program Size: Code=836 RO-data=16 RW-data=0 ZI-data=1256  
FromELF: creating hex file...
"pwm.axf" - 0 Error(s), 0 Warning(s).
Rebuild target 'Target 1'
assembling Startup.s...
compiling pwm.c...
linking...
Program Size: Code=836 RO-data=16 RW-data=0 ZI-data=1256  
FromELF: creating hex file...
"pwm.axf" - 0 Error(s), 0 Warning(s).
Rebuild target 'Target 1'
assembling Startup.s...
compiling pwm.c...
linking...
Program Size: Code=836 RO-data=16 RW-data=0 ZI-data=1256  
FromELF: creating hex file...
"pwm.axf" - 0 Error(s), 0 Warning(s).
Rebuild target 'Target 1'
assembling Startup.s...
compiling pwm.c...
linking...
Program Size: Code=836 RO-data=16 RW-data=0 ZI-data=1256  
FromELF: creating hex file...
"pwm.axf" - 0 Error(s), 0 Warning(s).
Rebuild target 'Target 1'
assembling Startup.s...
compiling pwm.c...
linking...
Program Size: Code=836 RO-data=16 RW-data=0 ZI-data=1256  
FromELF: creating hex file...
"pwm.axf" - 0 Error(s), 0 Warning(s).
Rebuild target 'Target 1'
assembling Startup.s...
compiling pwm.c...
linking...
Program Size: Code=836 RO-data=16 RW-data=0 ZI-data=1256  
FromELF: creating hex file...
"pwm.axf" - 0 Error(s), 0 Warning(s).
Rebuild target 'Target 1'
assembling Startup.s...
compiling pwm.c...
linking...
Program Size: Code=836 RO-data=16 RW-data=0 ZI-data=1256  
FromELF: creating hex file...
"pwm.axf" - 0 Error(s), 0 Warning(s).
Rebuild target 'Target 1'
assembling Startup.s...
compiling pwm.c...
linking...
Program Size: Code=836 RO-data=16 RW-data=0 ZI-data=1256  
FromELF: creating hex file...
"pwm.axf" - 0 Error(s), 0 Warning(s).
