<html>
<body>
<pre>
<h1>µVision Build Log</h1>
<h2>Project:</h2>
C:\Users\HP 245 G5\Desktop\keil\Blink 2\Blink.uvproj
Project File Date:  08/07/2020

<h2>Output:</h2>
compiling Blink.c...
Blink.c(6): warning:  #940-D: missing return statement at end of non-void function "delay"
Blink.c - 0 Error(s), 1 Warning(s).
compiling Blink.c...
Blink.c - 0 Error(s), 0 Warning(s).
Build target 'Target 1'
assembling Startup.s...
linking...
Program Size: Code=556 RO-data=16 RW-data=0 ZI-data=1256  
"Blink.axf" - 0 Error(s), 0 Warning(s).
Rebuild target 'Target 1'
assembling Startup.s...
compiling Blink.c...
linking...
Program Size: Code=556 RO-data=16 RW-data=0 ZI-data=1256  
"Blink.axf" - 0 Error(s), 0 Warning(s).
Rebuild target 'Target 1'
assembling Startup.s...
compiling Blink.c...
linking...
Program Size: Code=828 RO-data=16 RW-data=0 ZI-data=1256  
FromELF: creating hex file...
"Blink.axf" - 0 Error(s), 0 Warning(s).
Rebuild target 'Target 1'
assembling Startup.s...
compiling Blink.c...
linking...
Program Size: Code=828 RO-data=16 RW-data=0 ZI-data=1256  
FromELF: creating hex file...
"Blink.axf" - 0 Error(s), 0 Warning(s).
Rebuild target 'Target 1'
assembling Startup.s...
compiling Blink.c...
linking...
Program Size: Code=812 RO-data=16 RW-data=0 ZI-data=1256  
FromELF: creating hex file...
"Blink.axf" - 0 Error(s), 0 Warning(s).
Rebuild target 'Target 1'
assembling Startup.s...
compiling Blink.c...
linking...
Program Size: Code=816 RO-data=16 RW-data=0 ZI-data=1256  
FromELF: creating hex file...
"Blink.axf" - 0 Error(s), 0 Warning(s).
Rebuild target 'Target 1'
assembling Startup.s...
compiling Blink.c...
linking...
Program Size: Code=828 RO-data=16 RW-data=0 ZI-data=1256  
FromELF: creating hex file...
"Blink.axf" - 0 Error(s), 0 Warning(s).
